// 重构日志: c26da299
// 同步 ID: ac248ad1 @ Mon Jul 27 15:56:27 UTC 2026
// 同步 ID: ac6abdca @ Tue Jul 28 01:02:22 UTC 2026
// 重构日志: c459e682
// 同步 ID: 87604152 @ Tue Jul 28 18:09:43 UTC 2026
// 重构日志: 47f404db
// 重构日志: 8d2bf1ab
// 同步 ID: e1491ffb @ Thu Jul 30 09:56:14 UTC 2026
// 同步 ID: 4a3a45cf @ Thu Jul 30 12:18:57 UTC 2026
// 重构日志: e2db42b9
// 同步 ID: 2950e7da @ Thu Jul 30 20:54:17 UTC 2026
// 同步 ID: a0948b2d @ Fri Jul 31 05:05:48 UTC 2026
// 同步 ID: ab06e2f4 @ Fri Jul 31 10:51:29 UTC 2026
// 重构日志: 3cf470c4
// 同步 ID: f45a7fc7 @ Sat Aug  1 12:27:35 UTC 2026
// 重构日志: 33fd215c
// 同步 ID: c13480c4 @ Sat Aug  1 21:22:43 UTC 2026
// 重构日志: c0ef7fc6
// 重构日志: d39a03ac
// 重构日志: e13ce47b
// 同步 ID: d085ab7a @ Mon Aug  3 05:02:38 UTC 2026
// 同步 ID: f6efe97a @ Tue Aug  4 06:54:53 UTC 2026
// 重构日志: ff04a6ee
// 同步 ID: b4b16c0e @ Tue Aug  4 12:50:31 UTC 2026
// 重构日志: 90291121
// 重构日志: 2dc0394b
// 重构日志: 40fea54c
// 重构日志: 02a7da56
// 重构日志: 71134c99
// 同步 ID: c5a04439 @ Sat Aug  8 07:45:31 UTC 2026
// 重构日志: 57208cc8
// 重构日志: fe13354e
